<html>
<body>
<pre>
<h1>µVision Build Log</h1>
<h2>Project:</h2>
C:\Users\adulr\OneDrive\Desktop\UART_commands\UART_Commands.uvproj
Project File Date:  05/07/2023

<h2>Output:</h2>
Rebuild target 'Target 1'
assembling startup_TM4C123.s...
compiling main.c...
main.c(159): warning:  #1-D: last line of file ends without a newline
  }
main.c: 1 warning, 0 errors
linking...
Program Size: Code=1388 RO-data=636 RW-data=0 ZI-data=728  
".\UART_Commands.axf" - 0 Error(s), 1 Warning(s).
</pre>
</body>
</html>
